---
source: compiler-core/src/go/tests/bit_arrays.rs
expression: "\nfn go() {\n  <<1.1:float>>\n}\n"
snapshot_kind: text
---
----- SOURCE CODE

fn go() {
  <<1.1:float>>
}


----- COMPILED GO
package mod_P

import (
  gleam_P "example.com/todo/gleam"
)

const _ = gleam_P.Use_Import
const Use_Import byte = 0

func go π() gleam_P.BitArray_t {
  return gleam_P.ToBitArray(gleam_P.SizedFloat(1.1, 64, true))
}
