---
source: compiler-core/src/go/tests/functions.rs
expression: "fn func() {\n  Nil\n}\n"
snapshot_kind: text
---
----- SOURCE CODE
fn func() {
  Nil
}


----- COMPILED GO
package mod_P

import (
  gleam_P "example.com/todo/gleam"
)

const _ = gleam_P.Use_Import
const Use_Import byte = 0

func func π() gleam_P.Nil_t {
  return gleam_P.Nil_c{}
}
